[2026-01-09 15:42:48] Vote recorded: mazin from IP hash cedf8dbe119d2374aff55c378ba100023579ee0f0e2a6d7ea4cc6ae42f4a0388
[2026-01-09 15:51:47] Vote recorded: radeev from IP hash 33bebbe1d01f811be2ed597bb763bf631d9111ebd0b7d1001bed9e38e6d35de7
[2026-01-09 15:51:59] Vote recorded: radeev from IP hash c724d80c31ea82e41153c39ee6a42b3174018fcd2ca705198d134c5460c25460
[2026-01-09 15:52:38] Vote recorded: radeev from IP hash 42c17986504fe070660c556f9f6cfdf61a76bc0742bd6621c4b751cab80d35b4
[2026-01-09 15:54:13] Vote recorded: radeev from IP hash efa2e08ab92070ae567d9d62a6d95140274b75a3a74589f103e1f657422d6163
[2026-01-09 15:56:47] Vote recorded: radeev from IP hash 9ab1ecf3a4cad6ed29106ac8a7538c6d5ff30cc73470c6beceb59caa63d6a1b8
[2026-01-09 15:57:19] Vote recorded: radeev from IP hash 67b61499833ba367a5b64ef918ed79e925514544ba001e9306380a849e64f6ce
[2026-01-09 15:58:27] Vote recorded: radeev from IP hash 554656a23250fbce3b23b5d3d79956b1fe39e27dce3f62553baf8c6c6f831a42
[2026-01-09 15:58:46] Vote recorded: mitrofanova from IP hash 91a7409b31ed5e9dcfd920021e94246c967e3407b516d7bd71083016b9d4fdda
[2026-01-09 15:58:58] Vote recorded: radeev from IP hash 31f80850c6e5a4e4442fd47a751a65a6e34759b75785d03f5a7e8f275143996c
[2026-01-09 16:00:14] Vote recorded: radeev from IP hash 2a836f8887b07e569855fd112fd4f2893310c7456b4b55f3022ec0a119093238
[2026-01-09 16:01:01] Vote recorded: radeev from IP hash be6945e45bd96a37d107a407aa1363d8752a9fdd2f74fec0dd6c5baf0c42fcbf
[2026-01-09 16:01:13] Vote recorded: radeev from IP hash 96518465b9853d79bcaaba5e1bad7221cd0e1de2bbb6bb1c2755b4e3c87eb625
[2026-01-09 16:05:55] Vote recorded: radeev from IP hash a79bab4847f2b6538beb7c2342bcbf37345735810e38c09d6f0cd035008bf5c9
[2026-01-09 16:11:01] Vote recorded: sekatskiy from IP hash 0adcae808de30ae6ae120717d2d8a2b991f48cd90616b1710e9733c1757c48ce
[2026-01-09 16:12:00] Vote recorded: mazin from IP hash 4c8221a62889944f66ee792237a0c94bdc8a9b78ed49adfbe5b3ecd06a2f5f3a
[2026-01-09 16:13:19] Vote recorded: radeev from IP hash f49ac8d2326d9fa8f549c04641aea547c8b333744941c67a82ad912450d93d01
[2026-01-09 16:19:58] Vote recorded: pogrebnyak from IP hash 38a87f0b7e5c67e569f54c2a10271e7ee488ea4b845f68106d07e3d265fe7bb4
[2026-01-09 16:30:09] Vote recorded: radeev from IP hash ed71cc7075e562309219ae1fb04a0c01381163a62fcd5fde7292e22398783739
[2026-01-09 16:30:16] Vote recorded: radeev from IP hash ea6d6473bfa6525a2a17adaa91d28c2f2d88698a966a9973a4a1ad1a72697736
[2026-01-09 16:31:42] Vote recorded: mazin from IP hash dc4a7430131392b6649e37fe2749541bad69f775b716b4f727124a518945370e
[2026-01-09 16:51:41] Vote recorded: radeev from IP hash f768892071b0ae732bd80d0be578660a4ce1a92d5513d4f54dd175aaaaf2aee1
[2026-01-09 16:55:17] Vote recorded: mazin from IP hash 14d71939ff7b63eb9b7cd45aadb0145137714a3555d35aebb719b472a4448b90
[2026-01-09 16:58:48] Vote recorded: radeev from IP hash 71961075f78b1067789951fc78e1c3deed893e09f17b1028d6e159c9e16b1592
[2026-01-09 17:04:24] Vote recorded: pogrebnyak from IP hash 5c215911b2be701c37130ac315b6e1560c9ca049b137dbe9679b5744843a7def
[2026-01-09 17:07:09] Vote recorded: pogrebnyak from IP hash 449166c2c913a2cb47467cb660bbac55a8aa2e8c69b5c0307ba3f482d4a17586
[2026-01-09 17:14:19] Vote recorded: radeev from IP hash a1ef43567411eaa47aa6d3904eec0f6b53e89ed4f1cb8d6ab5c4823938e98a04
[2026-01-09 17:16:56] Vote recorded: radeev from IP hash 8dd86270e091669847c2a0d7138318baf31e1b253f9ef60a51cbfe31cc2cb7d9
[2026-01-09 17:22:10] Vote recorded: sekatskiy from IP hash fc0e48d21a392326f7e9bc5831d8619142e9e5e68791a095b643f7cb845962e3
[2026-01-09 17:22:12] Vote recorded: radeev from IP hash 0183828a7734e95659b001fa43975d74356f53f87a94e3a88e37486232c3f542
[2026-01-09 17:31:10] Vote recorded: pogrebnyak from IP hash d31e3c347da333aba34f3d31883057822dd9ee7b52ac859caaae0ab487184730
[2026-01-09 17:36:21] Vote recorded: pogrebnyak from IP hash 17879646a6c0971d9febcde002089ae4cb2f300615fbaa989586354981718481
[2026-01-09 17:36:37] Vote recorded: radeev from IP hash 46eebcca946624107d0494218c7dd9037b5691183b5c4e15d185c662e4eac8d4
[2026-01-09 17:42:34] Vote recorded: pogrebnyak from IP hash 045ae81454572a3edcf83029bc59088d0e48a579c352dd8fe704774f34391950
[2026-01-09 17:45:08] Vote recorded: pogrebnyak from IP hash e42d797bd4c46770a10351fc48e53cbe2c5fe7b53c0358470e9a6b59e0be3e3d
[2026-01-09 17:47:38] Vote recorded: radeev from IP hash 75ebee20b409dee26dde660c4d230601fa4570f7a218904b17bea7a738d75f2f
[2026-01-09 17:50:40] Vote recorded: radeev from IP hash c093f0754ca8a8fc7d1c7797957b301052a294b3a3322f00ab37d9b2789b6044
[2026-01-09 18:00:11] Vote recorded: sekatskiy from IP hash 7c53e08d2e8e14815fb4582be01a80bc02dc5a0309e55de86b3fd564fa6e4ad3
[2026-01-09 18:02:34] Vote recorded: pogrebnyak from IP hash 38a87f0b7e5c67e569f54c2a10271e7ee488ea4b845f68106d07e3d265fe7bb4
[2026-01-09 18:06:20] Vote recorded: radeev from IP hash 416e3eee1501762622b44488c94d1fe44ccff63595279ff2aa6626694d4a3f99
[2026-01-09 18:12:16] Vote recorded: radeev from IP hash 6fea187647fc643f72e639deeebd6cfcfdb67ff1a37d171a662529ee44031843
[2026-01-09 18:14:25] Vote recorded: mazin from IP hash d28f393e8d22165f69c99088008e34598ec257ceea4087860904bf4c42f3a48b
[2026-01-09 18:17:32] Vote recorded: radeev from IP hash ac7f48730ea342408a74f81d8569269c4d2a18aa84fa80711ce95ba31093c247
[2026-01-09 18:20:09] Vote recorded: mazin from IP hash 2d1a8a14b746ba4570f5347f61584f530aa6e11e52124e2ecf09424d4c831245
[2026-01-09 18:22:53] Vote recorded: radeev from IP hash 363ef039642a658b56ba614cce63e5790d646034b612fa6ca3dab594f27d6fa6
[2026-01-09 18:33:23] Vote recorded: radeev from IP hash b2448ed8370a9c162a0005742829669b7538465396fdd467df85d9580e80e042
[2026-01-09 18:44:53] Vote recorded: radeev from IP hash 2917e37ada5716cc5376214df5066f5f2136d4c52a355359128816f456a8092c
[2026-01-09 18:59:41] Vote recorded: radeev from IP hash c67635ffa7f96f4b5fd73f528c3f3382f2d23070efa7d44963e33a44c1d2c31e
[2026-01-09 19:49:26] Vote recorded: pogrebnyak from IP hash 1581bdbc895424cb3fc2c3106f12dde422d04d0fc87d537de48ea6a03f4c0246
[2026-01-09 20:04:26] Vote recorded: radeev from IP hash e6f603181450926d71e5b456304b5be003663a64e15f15301ef8e11cc9834c06
[2026-01-09 20:32:58] Vote recorded: pogrebnyak from IP hash 244460df4c9cb04a7f36b4eac9e50a93715c68bf474ca06a2e666950bcc579dc
[2026-01-09 20:34:03] Vote recorded: radeev from IP hash b1b278ecf606db091a7afd6bf118669a107244e61091bc2ffd1e44d7037cbc65
[2026-01-09 20:37:51] Vote recorded: mitrofanova from IP hash 7e4205ec2efe558abc88aea9113e4bfc8b781d61d2d6b6ef58f71ba5a42e4592
[2026-01-09 20:45:53] Vote recorded: mazin from IP hash 392a7836345085044acb66b3c9e86461b7e7695efd1431aeb8214330b6eedffb
[2026-01-09 20:46:47] Vote recorded: mitrofanova from IP hash 1211826baa3a7a6ce34f476d8b4abd00852d98dedba36d6a23d59c1bdc71cf91
[2026-01-09 20:48:51] Vote recorded: mazin from IP hash dcab7c713d393f2ba47d056563ce9f8662e8d39e4f4f3cae37a7529c0a416c80
[2026-01-09 20:53:52] Vote recorded: mazin from IP hash e0b23860837458dad37de9cf9f79b6a158e4481dbeb801c878d5992179fa5af8
[2026-01-09 20:55:14] Vote recorded: pogrebnyak from IP hash 328f3ba839a080d2d8cd8459d8fd7c61d1b36e031f288f62fee8f53ebaf1eb0a
[2026-01-09 21:01:28] Vote recorded: mitrofanova from IP hash 6eb4e63678a3c34bd52cae03bf839def0ad4e033e9f1273c263360a7d035be8c
[2026-01-09 21:23:50] Vote recorded: pogrebnyak from IP hash 6c815bb211e3f18a3dbb4102a9c342a763ee6ae3a2b6fe864c7ddc1bb63e9a4f
[2026-01-09 21:31:43] Vote recorded: radeev from IP hash f06315cb1b8b72f43a0959ec20546136769b2f08ef34d35436fe2c12798cb438
[2026-01-09 21:46:11] Vote recorded: pogrebnyak from IP hash a25f7d72c70ec9c541e0df76e864c38e72221019bac04b8f9ed73c6d842271cb
[2026-01-09 22:11:20] Vote recorded: radeev from IP hash 195654b56f2fec5f9b77d2e1af66cc9a0591be5e7736a5e217c91b6c7d6f4641
[2026-01-09 22:56:36] Vote recorded: radeev from IP hash 50ef5b3888d29c0b90481b326832a9650c2010110698e4f7a65c1efa3ef463bf
[2026-01-10 00:20:10] Vote recorded: pogrebnyak from IP hash 1e9959588c413b629f7bc13dc44f651507a05bfa992d47ea9744af720edcb0d1
[2026-01-10 00:44:01] Vote recorded: sekatskiy from IP hash 7afb14ea795901ea2a57ed8c399ce36b2166bbeb5234eaf4d535820d0449a5e1
[2026-01-10 00:57:24] Vote recorded: mitrofanova from IP hash da5d5c11a5f73e461886b6b0c12ae76c2ce0e1fc5da92c5e0aa4484f7666ec15
[2026-01-10 01:25:34] Vote recorded: mazin from IP hash 854af81eb0e08904e485f1f45992a2eba7357686dae36324b0d070654435eb53
[2026-01-10 01:54:38] Vote recorded: pogrebnyak from IP hash 38a87f0b7e5c67e569f54c2a10271e7ee488ea4b845f68106d07e3d265fe7bb4
[2026-01-10 02:52:48] Vote recorded: pogrebnyak from IP hash 1e2402d43393e98bc32de1560b35cb1a8b60e684b61cd1ce2adad9a7b337917d
[2026-01-10 07:46:56] Vote recorded: radeev from IP hash 9576be21776b56ae7b62ce4009f00faed3bf5e5f41afa9c3c00e75709dea139b
[2026-01-10 10:51:01] Vote recorded: radeev from IP hash cb3aae9e792b64e01d058d927be3fbbe606039fa3d609fa0bb5f525c6f6424cd
[2026-01-10 11:20:53] Vote recorded: pogrebnyak from IP hash 9cae768fe6d0430d48bb3506bb775eb3546d210706ec79c49e4cfedd44727bc1
[2026-01-10 11:59:28] Vote recorded: radeev from IP hash a6da304ec4e1ee562bad6c77b79c27e73fa6582ea4b7f9e02a1c8aa7805afd33
[2026-01-10 12:25:36] Vote recorded: radeev from IP hash 58018548612186e547f656505b7bcc628cdaa61b0011790a098a9c9adbfb3835
[2026-01-10 15:46:54] Vote recorded: mazin from IP hash e42d797bd4c46770a10351fc48e53cbe2c5fe7b53c0358470e9a6b59e0be3e3d
[2026-01-10 23:37:13] Vote recorded: pogrebnyak from IP hash d42e8801463bc5df92ecb069aeef9159385805cdb8185130606e6c2d9341f81f
[2026-01-10 23:38:48] Vote recorded: mitrofanova from IP hash 04f31a9bf59069118dfecd879b5c6641f433abf0c061621fcc096514a4ce304d
[2026-01-10 23:39:51] Vote recorded: pogrebnyak from IP hash d42e8801463bc5df92ecb069aeef9159385805cdb8185130606e6c2d9341f81f
[2026-01-11 01:42:39] Vote recorded: mitrofanova from IP hash d42e8801463bc5df92ecb069aeef9159385805cdb8185130606e6c2d9341f81f
[2026-01-11 10:55:14] Vote recorded: radeev from IP hash aa333257ca5cc896b5f070bff08b926f69f8158aaac72db7b417f118d5f2fbc2
[2026-01-11 11:20:50] Vote recorded: radeev from IP hash 57b502b76d097a3fcf67da07ff5d9f8af563410b93a52d21265320e00855c9f6
[2026-01-11 11:54:57] Vote recorded: mazin from IP hash 6337ba6f35026d7ff49f85bc9ab43cfe61d3b82f059c5c905d502d0e4fe49e82
[2026-01-11 13:26:51] Vote recorded: radeev from IP hash 6a69cb7b40bd0bb523a9d861c4651fd6f9e43c0bd9972c14cd142ed70f415a4e
[2026-01-11 14:40:37] Vote recorded: pogrebnyak from IP hash 5dc9a295d9de942f3c8f355fd1c6c7b5699a6b100668da85eaf9ae52fcff6fff
[2026-01-11 14:47:21] Vote recorded: sekatskiy from IP hash bc8239f8d932fa7bb32236026dce54f975e029886b7fc0e1bfe6ba68c1ab604e
[2026-01-11 15:01:49] Vote recorded: radeev from IP hash 49c21b03da87fb9a0499f042b57710430f8164a4140a40bddd40d102c9b4098a
[2026-01-11 20:52:59] Vote recorded: radeev from IP hash 427acb4f287e803f3d1407afcd86df71611c307ee92356380ffd23d6ea963e1b
[2026-01-11 22:23:18] Vote recorded: mazin from IP hash 612416b609bd640db59762cec0bf0074a96d3cd47c12af7f3ad65aeb5565f686
[2026-01-11 23:38:03] Vote recorded: pogrebnyak from IP hash 38a87f0b7e5c67e569f54c2a10271e7ee488ea4b845f68106d07e3d265fe7bb4
